// Jest Snapshot v1, https://goo.gl/fbAQLP

exports[`DiscardUrimapHandler should call the discardUrimap api 1`] = `"The urimap '%s' was discarded successfully."`;

exports[`DiscardUrimapHandler should call the discardUrimap api 2`] = `
Object {
  "response": Object {
    "records": "testing",
    "resultsummary": Object {
      "api_response1": "1024",
      "api_response2": "0",
      "displayed_recordcount": "0",
      "recordcount": "0",
    },
  },
}
`;
