// Jest Snapshot v1, https://goo.gl/fbAQLP

exports[`AddToListProgramHandler should call the addCSDGroupToList api 1`] = `"The CSD Group '%s' was successfully added to '%s'."`;

exports[`AddToListProgramHandler should call the addCSDGroupToList api 2`] = `
Object {
  "response": Object {
    "records": "testing",
    "resultsummary": Object {
      "api_response1": "1024",
      "api_response2": "0",
      "displayed_recordcount": "0",
      "recordcount": "0",
    },
  },
}
`;
