// Jest Snapshot v1, https://goo.gl/fbAQLP

exports[`DiscardTransactionHandler should call the deleteTransaction api 1`] = `"The transaction '%s' was deleted successfully."`;

exports[`DiscardTransactionHandler should call the deleteTransaction api 2`] = `
Object {
  "response": Object {
    "records": "testing",
    "resultsummary": Object {
      "api_response1": "1024",
      "api_response2": "0",
      "displayed_recordcount": "0",
      "recordcount": "0",
    },
  },
}
`;
