// Jest Snapshot v1, https://goo.gl/fbAQLP

exports[`cics refresh program should not have changed 1`] = `
Object {
  "aliases": Array [
    "prog",
  ],
  "description": "Refresh a program on CICS.",
  "examples": Array [
    Object {
      "description": "Refresh a program named PGM123 from the region named MYREGION",
      "options": "PGM123 --region-name MYREGION",
    },
  ],
  "name": "program",
  "options": Array [
    Object {
      "description": "The CICS region name on which you want to refresh the program",
      "name": "region-name",
      "type": "string",
    },
    Object {
      "description": "The name of the CICSPlex on which to refresh the program",
      "name": "cics-plex",
      "type": "string",
    },
  ],
  "positionals": Array [
    Object {
      "description": "The name of the program to refresh. The maximum length of the program name is eight characters.",
      "name": "programName",
      "required": true,
      "type": "string",
    },
  ],
  "profile": Object {
    "optional": Array [
      "cics",
    ],
  },
  "type": "command",
}
`;
