// Jest Snapshot v1, https://goo.gl/fbAQLP

exports[`DeleteUrimapHandler should call the deleteUrimap api 1`] = `"The urimap '%s' was deleted successfully."`;

exports[`DeleteUrimapHandler should call the deleteUrimap api 2`] = `
{
  "response": {
    "records": "testing",
    "resultsummary": {
      "api_response1": "1024",
      "api_response2": "0",
      "displayed_recordcount": "0",
      "recordcount": "0",
    },
  },
}
`;
