// Jest Snapshot v1, https://goo.gl/fbAQLP

exports[`cics install program should not have changed 1`] = `
Object {
  "aliases": Array [
    "prog",
  ],
  "description": "Install a program to CICS.",
  "examples": Array [
    Object {
      "description": "Install a program named PGM123 to the region named MYREGION in the CSD group MYGRP",
      "options": "PGM123 MYGRP --region-name MYREGION",
    },
  ],
  "name": "program",
  "options": Array [
    Object {
      "description": "The CICS region name to which to install the program",
      "name": "region-name",
      "type": "string",
    },
    Object {
      "description": "The name of the CICSPlex to which to install the program",
      "name": "cics-plex",
      "type": "string",
    },
  ],
  "positionals": Array [
    Object {
      "description": "The name of the program to install. The maximum length of the program name is eight characters.",
      "name": "programName",
      "required": true,
      "type": "string",
    },
    Object {
      "description": "The CICS system definition (CSD) Group for the program that you want to install. The maximum length of the group name is eight characters.",
      "name": "csdGroup",
      "required": true,
      "type": "string",
    },
  ],
  "profile": Object {
    "optional": Array [
      "cics",
    ],
  },
  "type": "command",
}
`;
