// Jest Snapshot v1, https://goo.gl/fbAQLP

exports[`InstallTransactionHandler should call the installTransaction api 1`] = `"The transaction '%s' was installed successfully."`;

exports[`InstallTransactionHandler should call the installTransaction api 2`] = `
{
  "response": {
    "records": "testing",
    "resultsummary": {
      "api_response1": "1024",
      "api_response2": "0",
      "displayed_recordcount": "0",
      "recordcount": "0",
    },
  },
}
`;
