// Jest Snapshot v1, https://goo.gl/fbAQLP

exports[`DefineWebserviceHandler should call the defineWebservice api 1`] = `"The WEBSERVICE '%s' was defined successfully."`;

exports[`DefineWebserviceHandler should call the defineWebservice api 2`] = `
{
  "response": {
    "records": "testing",
    "resultsummary": {
      "api_response1": "1024",
      "api_response2": "0",
      "displayed_recordcount": "0",
      "recordcount": "0",
    },
  },
}
`;
